ERR [32mLogged in as [Deploy - deploy-tests@example.invalid][0m
ERR [34mLoading projects...[0m
ERR [34mLoading project versions...[0m
ERR [33mS3 storage is enabled but no credentials were provided (no --storage / --s3-* and none saved) — /upload and /sign will return 503 until you set the aws: block in the app's prod.yaml.[0m
ERR [34mCreating a new digitalocean VM for identifier "sfapi" — no previous deployment of this project under that identifier is recorded on this machine, so a new server will be created and will bill.[0m
ERR [34mGenerating application code into <TMP>/work/nuzur-sfapi ...[0m
ERR [34mSaved this deploy's generator config as the project's go-code-gen config (later deploys and the web app reuse it).[0m
ERR [34mCreating the server on digitalocean (this can take a minute)...[0m
ERR [34mChecking SSH connectivity...[0m
ERR [34mCopying source to the server...[0m
ERR [34mBootstrapping the server (Docker, MySQL, build, pairing)...[0m
ERR remote bootstrap script failed: exit status 1
EXIT 1
