ERR [32mLogged in as [Deploy - deploy-tests@example.invalid][0m
ERR [34mCleaning up the server (this project's service, container, config)...[0m
OUT Destroyed deployment sfapi-seedbox0 (this project removed; the box's shared agent stays for its other projects).
OUT   This project's database was removed from the box; the box and its other databases are untouched.
EXIT 0
